cork-anttb AntykwaTorunska-Bold "enccork-antt ReEncodeFont" <cork-antt.enc <anttb.pfb
cork-anttl AntykwaTorunskaLigh-Regular "enccork-antt ReEncodeFont" <cork-antt.enc <anttl.pfb
cork-anttm AntykwaTorunskaMed-Regular "enccork-antt ReEncodeFont" <cork-antt.enc <anttm.pfb
cork-anttr AntykwaTorunska-Regular "enccork-antt ReEncodeFont" <cork-antt.enc <anttr.pfb
cork-anttbi AntykwaTorunska-BoldItalic "enccork-antt ReEncodeFont" <cork-antt.enc <anttbi.pfb
cork-anttli AntykwaTorunskaLigh-Italic "enccork-antt ReEncodeFont" <cork-antt.enc <anttli.pfb
cork-anttmi AntykwaTorunskaMed-Italic "enccork-antt ReEncodeFont" <cork-antt.enc <anttmi.pfb
cork-anttri AntykwaTorunska-Italic "enccork-antt ReEncodeFont" <cork-antt.enc <anttri.pfb
cork-anttcr AntykwaTorunskaCond-Regular "enccork-antt ReEncodeFont" <cork-antt.enc <anttcr.pfb
cork-anttcb AntykwaTorunskaCond-Bold "enccork-antt ReEncodeFont" <cork-antt.enc <anttcb.pfb
cork-anttcm AntykwaTorunskaCondMed-Regular "enccork-antt ReEncodeFont" <cork-antt.enc <anttcm.pfb
cork-anttcl AntykwaTorunskaCondLigh-Regular "enccork-antt ReEncodeFont" <cork-antt.enc <anttcl.pfb
cork-anttcri AntykwaTorunskaCond-Italic "enccork-antt ReEncodeFont" <cork-antt.enc <anttcri.pfb
cork-anttcmi AntykwaTorunskaCondMed-Italic "enccork-antt ReEncodeFont" <cork-antt.enc <anttcmi.pfb
cork-anttcli AntykwaTorunskaCondLigh-Italic "enccork-antt ReEncodeFont" <cork-antt.enc <anttcli.pfb
cork-anttcbi AntykwaTorunskaCond-BoldItalic "enccork-antt ReEncodeFont" <cork-antt.enc <anttcbi.pfb
cork-anttbcap AntykwaTorunska-Bold "enccork-anttcap ReEncodeFont" <cork-anttcap.enc <anttb.pfb
cork-anttlcap AntykwaTorunskaLigh-Regular "enccork-anttcap ReEncodeFont" <cork-anttcap.enc <anttl.pfb
cork-anttmcap AntykwaTorunskaMed-Regular "enccork-anttcap ReEncodeFont" <cork-anttcap.enc <anttm.pfb
cork-anttrcap AntykwaTorunska-Regular "enccork-anttcap ReEncodeFont" <cork-anttcap.enc <anttr.pfb
cork-anttbicap AntykwaTorunska-BoldItalic "enccork-anttcap ReEncodeFont" <cork-anttcap.enc <anttbi.pfb
cork-anttlicap AntykwaTorunskaLigh-Italic "enccork-anttcap ReEncodeFont" <cork-anttcap.enc <anttli.pfb
cork-anttmicap AntykwaTorunskaMed-Italic "enccork-anttcap ReEncodeFont" <cork-anttcap.enc <anttmi.pfb
cork-anttricap AntykwaTorunska-Italic "enccork-anttcap ReEncodeFont" <cork-anttcap.enc <anttri.pfb
cork-anttcrcap AntykwaTorunskaCond-Regular "enccork-anttcap ReEncodeFont" <cork-anttcap.enc <anttcr.pfb
cork-anttcbcap AntykwaTorunskaCond-Bold "enccork-anttcap ReEncodeFont" <cork-anttcap.enc <anttcb.pfb
cork-anttcmcap AntykwaTorunskaCondMed-Regular "enccork-anttcap ReEncodeFont" <cork-anttcap.enc <anttcm.pfb
cork-anttclcap AntykwaTorunskaCondLigh-Regular "enccork-anttcap ReEncodeFont" <cork-anttcap.enc <anttcl.pfb
cork-anttcricap AntykwaTorunskaCond-Italic "enccork-anttcap ReEncodeFont" <cork-anttcap.enc <anttcri.pfb
cork-anttcmicap AntykwaTorunskaCondMed-Italic "enccork-anttcap ReEncodeFont" <cork-anttcap.enc <anttcmi.pfb
cork-anttclicap AntykwaTorunskaCondLigh-Italic "enccork-anttcap ReEncodeFont" <cork-anttcap.enc <anttcli.pfb
cork-anttcbicap AntykwaTorunskaCond-BoldItalic "enccork-anttcap ReEncodeFont" <cork-anttcap.enc <anttcbi.pfb
