cs-anttb AntykwaTorunska-Bold "enccs-antt ReEncodeFont" <cs-antt.enc <anttb.pfb
cs-anttl AntykwaTorunskaLigh-Regular "enccs-antt ReEncodeFont" <cs-antt.enc <anttl.pfb
cs-anttm AntykwaTorunskaMed-Regular "enccs-antt ReEncodeFont" <cs-antt.enc <anttm.pfb
cs-anttr AntykwaTorunska-Regular "enccs-antt ReEncodeFont" <cs-antt.enc <anttr.pfb
cs-anttbi AntykwaTorunska-BoldItalic "enccs-antt ReEncodeFont" <cs-antt.enc <anttbi.pfb
cs-anttli AntykwaTorunskaLigh-Italic "enccs-antt ReEncodeFont" <cs-antt.enc <anttli.pfb
cs-anttmi AntykwaTorunskaMed-Italic "enccs-antt ReEncodeFont" <cs-antt.enc <anttmi.pfb
cs-anttri AntykwaTorunska-Italic "enccs-antt ReEncodeFont" <cs-antt.enc <anttri.pfb
cs-anttcr AntykwaTorunskaCond-Regular "enccs-antt ReEncodeFont" <cs-antt.enc <anttcr.pfb
cs-anttcb AntykwaTorunskaCond-Bold "enccs-antt ReEncodeFont" <cs-antt.enc <anttcb.pfb
cs-anttcm AntykwaTorunskaCondMed-Regular "enccs-antt ReEncodeFont" <cs-antt.enc <anttcm.pfb
cs-anttcl AntykwaTorunskaCondLigh-Regular "enccs-antt ReEncodeFont" <cs-antt.enc <anttcl.pfb
cs-anttcri AntykwaTorunskaCond-Italic "enccs-antt ReEncodeFont" <cs-antt.enc <anttcri.pfb
cs-anttcmi AntykwaTorunskaCondMed-Italic "enccs-antt ReEncodeFont" <cs-antt.enc <anttcmi.pfb
cs-anttcli AntykwaTorunskaCondLigh-Italic "enccs-antt ReEncodeFont" <cs-antt.enc <anttcli.pfb
cs-anttcbi AntykwaTorunskaCond-BoldItalic "enccs-antt ReEncodeFont" <cs-antt.enc <anttcbi.pfb
cs-anttbcap AntykwaTorunska-Bold "enccs-anttcap ReEncodeFont" <cs-anttcap.enc <anttb.pfb
cs-anttlcap AntykwaTorunskaLigh-Regular "enccs-anttcap ReEncodeFont" <cs-anttcap.enc <anttl.pfb
cs-anttmcap AntykwaTorunskaMed-Regular "enccs-anttcap ReEncodeFont" <cs-anttcap.enc <anttm.pfb
cs-anttrcap AntykwaTorunska-Regular "enccs-anttcap ReEncodeFont" <cs-anttcap.enc <anttr.pfb
cs-anttbicap AntykwaTorunska-BoldItalic "enccs-anttcap ReEncodeFont" <cs-anttcap.enc <anttbi.pfb
cs-anttlicap AntykwaTorunskaLigh-Italic "enccs-anttcap ReEncodeFont" <cs-anttcap.enc <anttli.pfb
cs-anttmicap AntykwaTorunskaMed-Italic "enccs-anttcap ReEncodeFont" <cs-anttcap.enc <anttmi.pfb
cs-anttricap AntykwaTorunska-Italic "enccs-anttcap ReEncodeFont" <cs-anttcap.enc <anttri.pfb
cs-anttcrcap AntykwaTorunskaCond-Regular "enccs-anttcap ReEncodeFont" <cs-anttcap.enc <anttcr.pfb
cs-anttcbcap AntykwaTorunskaCond-Bold "enccs-anttcap ReEncodeFont" <cs-anttcap.enc <anttcb.pfb
cs-anttcmcap AntykwaTorunskaCondMed-Regular "enccs-anttcap ReEncodeFont" <cs-anttcap.enc <anttcm.pfb
cs-anttclcap AntykwaTorunskaCondLigh-Regular "enccs-anttcap ReEncodeFont" <cs-anttcap.enc <anttcl.pfb
cs-anttcricap AntykwaTorunskaCond-Italic "enccs-anttcap ReEncodeFont" <cs-anttcap.enc <anttcri.pfb
cs-anttcmicap AntykwaTorunskaCondMed-Italic "enccs-anttcap ReEncodeFont" <cs-anttcap.enc <anttcmi.pfb
cs-anttclicap AntykwaTorunskaCondLigh-Italic "enccs-anttcap ReEncodeFont" <cs-anttcap.enc <anttcli.pfb
cs-anttcbicap AntykwaTorunskaCond-BoldItalic "enccs-anttcap ReEncodeFont" <cs-anttcap.enc <anttcbi.pfb
