greek-anttb AntykwaTorunska-Bold "encgreek-antt ReEncodeFont" <greek-antt.enc <anttb.pfb
greek-anttl AntykwaTorunskaLigh-Regular "encgreek-antt ReEncodeFont" <greek-antt.enc <anttl.pfb
greek-anttm AntykwaTorunskaMed-Regular "encgreek-antt ReEncodeFont" <greek-antt.enc <anttm.pfb
greek-anttr AntykwaTorunska-Regular "encgreek-antt ReEncodeFont" <greek-antt.enc <anttr.pfb
greek-anttbi AntykwaTorunska-BoldItalic "encgreek-antt ReEncodeFont" <greek-antt.enc <anttbi.pfb
greek-anttli AntykwaTorunskaLigh-Italic "encgreek-antt ReEncodeFont" <greek-antt.enc <anttli.pfb
greek-anttmi AntykwaTorunskaMed-Italic "encgreek-antt ReEncodeFont" <greek-antt.enc <anttmi.pfb
greek-anttri AntykwaTorunska-Italic "encgreek-antt ReEncodeFont" <greek-antt.enc <anttri.pfb
greek-anttcr AntykwaTorunskaCond-Regular "encgreek-antt ReEncodeFont" <greek-antt.enc <anttcr.pfb
greek-anttcb AntykwaTorunskaCond-Bold "encgreek-antt ReEncodeFont" <greek-antt.enc <anttcb.pfb
greek-anttcm AntykwaTorunskaCondMed-Regular "encgreek-antt ReEncodeFont" <greek-antt.enc <anttcm.pfb
greek-anttcl AntykwaTorunskaCondLigh-Regular "encgreek-antt ReEncodeFont" <greek-antt.enc <anttcl.pfb
greek-anttcri AntykwaTorunskaCond-Italic "encgreek-antt ReEncodeFont" <greek-antt.enc <anttcri.pfb
greek-anttcmi AntykwaTorunskaCondMed-Italic "encgreek-antt ReEncodeFont" <greek-antt.enc <anttcmi.pfb
greek-anttcli AntykwaTorunskaCondLigh-Italic "encgreek-antt ReEncodeFont" <greek-antt.enc <anttcli.pfb
greek-anttcbi AntykwaTorunskaCond-BoldItalic "encgreek-antt ReEncodeFont" <greek-antt.enc <anttcbi.pfb
