qx-anttb AntykwaTorunska-Bold "encqx-antt ReEncodeFont" <qx-antt.enc <anttb.pfb
qx-anttl AntykwaTorunskaLigh-Regular "encqx-antt ReEncodeFont" <qx-antt.enc <anttl.pfb
qx-anttm AntykwaTorunskaMed-Regular "encqx-antt ReEncodeFont" <qx-antt.enc <anttm.pfb
qx-anttr AntykwaTorunska-Regular "encqx-antt ReEncodeFont" <qx-antt.enc <anttr.pfb
qx-anttbi AntykwaTorunska-BoldItalic "encqx-antt ReEncodeFont" <qx-antt.enc <anttbi.pfb
qx-anttli AntykwaTorunskaLigh-Italic "encqx-antt ReEncodeFont" <qx-antt.enc <anttli.pfb
qx-anttmi AntykwaTorunskaMed-Italic "encqx-antt ReEncodeFont" <qx-antt.enc <anttmi.pfb
qx-anttri AntykwaTorunska-Italic "encqx-antt ReEncodeFont" <qx-antt.enc <anttri.pfb
qx-anttcr AntykwaTorunskaCond-Regular "encqx-antt ReEncodeFont" <qx-antt.enc <anttcr.pfb
qx-anttcb AntykwaTorunskaCond-Bold "encqx-antt ReEncodeFont" <qx-antt.enc <anttcb.pfb
qx-anttcm AntykwaTorunskaCondMed-Regular "encqx-antt ReEncodeFont" <qx-antt.enc <anttcm.pfb
qx-anttcl AntykwaTorunskaCondLigh-Regular "encqx-antt ReEncodeFont" <qx-antt.enc <anttcl.pfb
qx-anttcri AntykwaTorunskaCond-Italic "encqx-antt ReEncodeFont" <qx-antt.enc <anttcri.pfb
qx-anttcmi AntykwaTorunskaCondMed-Italic "encqx-antt ReEncodeFont" <qx-antt.enc <anttcmi.pfb
qx-anttcli AntykwaTorunskaCondLigh-Italic "encqx-antt ReEncodeFont" <qx-antt.enc <anttcli.pfb
qx-anttcbi AntykwaTorunskaCond-BoldItalic "encqx-antt ReEncodeFont" <qx-antt.enc <anttcbi.pfb
qx-anttbcap AntykwaTorunska-Bold "encqx-anttcap ReEncodeFont" <qx-anttcap.enc <anttb.pfb
qx-anttlcap AntykwaTorunskaLigh-Regular "encqx-anttcap ReEncodeFont" <qx-anttcap.enc <anttl.pfb
qx-anttmcap AntykwaTorunskaMed-Regular "encqx-anttcap ReEncodeFont" <qx-anttcap.enc <anttm.pfb
qx-anttrcap AntykwaTorunska-Regular "encqx-anttcap ReEncodeFont" <qx-anttcap.enc <anttr.pfb
qx-anttbicap AntykwaTorunska-BoldItalic "encqx-anttcap ReEncodeFont" <qx-anttcap.enc <anttbi.pfb
qx-anttlicap AntykwaTorunskaLigh-Italic "encqx-anttcap ReEncodeFont" <qx-anttcap.enc <anttli.pfb
qx-anttmicap AntykwaTorunskaMed-Italic "encqx-anttcap ReEncodeFont" <qx-anttcap.enc <anttmi.pfb
qx-anttricap AntykwaTorunska-Italic "encqx-anttcap ReEncodeFont" <qx-anttcap.enc <anttri.pfb
qx-anttcrcap AntykwaTorunskaCond-Regular "encqx-anttcap ReEncodeFont" <qx-anttcap.enc <anttcr.pfb
qx-anttcbcap AntykwaTorunskaCond-Bold "encqx-anttcap ReEncodeFont" <qx-anttcap.enc <anttcb.pfb
qx-anttcmcap AntykwaTorunskaCondMed-Regular "encqx-anttcap ReEncodeFont" <qx-anttcap.enc <anttcm.pfb
qx-anttclcap AntykwaTorunskaCondLigh-Regular "encqx-anttcap ReEncodeFont" <qx-anttcap.enc <anttcl.pfb
qx-anttcricap AntykwaTorunskaCond-Italic "encqx-anttcap ReEncodeFont" <qx-anttcap.enc <anttcri.pfb
qx-anttcmicap AntykwaTorunskaCondMed-Italic "encqx-anttcap ReEncodeFont" <qx-anttcap.enc <anttcmi.pfb
qx-anttclicap AntykwaTorunskaCondLigh-Italic "encqx-anttcap ReEncodeFont" <qx-anttcap.enc <anttcli.pfb
qx-anttcbicap AntykwaTorunskaCond-BoldItalic "encqx-anttcap ReEncodeFont" <qx-anttcap.enc <anttcbi.pfb
