t2a-anttb AntykwaTorunska-Bold "enct2a-antt ReEncodeFont" <t2a-antt.enc <anttb.pfb
t2a-anttl AntykwaTorunskaLigh-Regular "enct2a-antt ReEncodeFont" <t2a-antt.enc <anttl.pfb
t2a-anttm AntykwaTorunskaMed-Regular "enct2a-antt ReEncodeFont" <t2a-antt.enc <anttm.pfb
t2a-anttr AntykwaTorunska-Regular "enct2a-antt ReEncodeFont" <t2a-antt.enc <anttr.pfb
t2a-anttbi AntykwaTorunska-BoldItalic "enct2a-antt ReEncodeFont" <t2a-antt.enc <anttbi.pfb
t2a-anttli AntykwaTorunskaLigh-Italic "enct2a-antt ReEncodeFont" <t2a-antt.enc <anttli.pfb
t2a-anttmi AntykwaTorunskaMed-Italic "enct2a-antt ReEncodeFont" <t2a-antt.enc <anttmi.pfb
t2a-anttri AntykwaTorunska-Italic "enct2a-antt ReEncodeFont" <t2a-antt.enc <anttri.pfb
t2a-anttcr AntykwaTorunskaCond-Regular "enct2a-antt ReEncodeFont" <t2a-antt.enc <anttcr.pfb
t2a-anttcb AntykwaTorunskaCond-Bold "enct2a-antt ReEncodeFont" <t2a-antt.enc <anttcb.pfb
t2a-anttcm AntykwaTorunskaCondMed-Regular "enct2a-antt ReEncodeFont" <t2a-antt.enc <anttcm.pfb
t2a-anttcl AntykwaTorunskaCondLigh-Regular "enct2a-antt ReEncodeFont" <t2a-antt.enc <anttcl.pfb
t2a-anttcri AntykwaTorunskaCond-Italic "enct2a-antt ReEncodeFont" <t2a-antt.enc <anttcri.pfb
t2a-anttcmi AntykwaTorunskaCondMed-Italic "enct2a-antt ReEncodeFont" <t2a-antt.enc <anttcmi.pfb
t2a-anttcli AntykwaTorunskaCondLigh-Italic "enct2a-antt ReEncodeFont" <t2a-antt.enc <anttcli.pfb
t2a-anttcbi AntykwaTorunskaCond-BoldItalic "enct2a-antt ReEncodeFont" <t2a-antt.enc <anttcbi.pfb
