t2b-anttb AntykwaTorunska-Bold "enct2b-antt ReEncodeFont" <t2b-antt.enc <anttb.pfb
t2b-anttl AntykwaTorunskaLigh-Regular "enct2b-antt ReEncodeFont" <t2b-antt.enc <anttl.pfb
t2b-anttm AntykwaTorunskaMed-Regular "enct2b-antt ReEncodeFont" <t2b-antt.enc <anttm.pfb
t2b-anttr AntykwaTorunska-Regular "enct2b-antt ReEncodeFont" <t2b-antt.enc <anttr.pfb
t2b-anttbi AntykwaTorunska-BoldItalic "enct2b-antt ReEncodeFont" <t2b-antt.enc <anttbi.pfb
t2b-anttli AntykwaTorunskaLigh-Italic "enct2b-antt ReEncodeFont" <t2b-antt.enc <anttli.pfb
t2b-anttmi AntykwaTorunskaMed-Italic "enct2b-antt ReEncodeFont" <t2b-antt.enc <anttmi.pfb
t2b-anttri AntykwaTorunska-Italic "enct2b-antt ReEncodeFont" <t2b-antt.enc <anttri.pfb
t2b-anttcr AntykwaTorunskaCond-Regular "enct2b-antt ReEncodeFont" <t2b-antt.enc <anttcr.pfb
t2b-anttcb AntykwaTorunskaCond-Bold "enct2b-antt ReEncodeFont" <t2b-antt.enc <anttcb.pfb
t2b-anttcm AntykwaTorunskaCondMed-Regular "enct2b-antt ReEncodeFont" <t2b-antt.enc <anttcm.pfb
t2b-anttcl AntykwaTorunskaCondLigh-Regular "enct2b-antt ReEncodeFont" <t2b-antt.enc <anttcl.pfb
t2b-anttcri AntykwaTorunskaCond-Italic "enct2b-antt ReEncodeFont" <t2b-antt.enc <anttcri.pfb
t2b-anttcmi AntykwaTorunskaCondMed-Italic "enct2b-antt ReEncodeFont" <t2b-antt.enc <anttcmi.pfb
t2b-anttcli AntykwaTorunskaCondLigh-Italic "enct2b-antt ReEncodeFont" <t2b-antt.enc <anttcli.pfb
t2b-anttcbi AntykwaTorunskaCond-BoldItalic "enct2b-antt ReEncodeFont" <t2b-antt.enc <anttcbi.pfb
