t2c-anttb AntykwaTorunska-Bold "enct2c-antt ReEncodeFont" <t2c-antt.enc <anttb.pfb
t2c-anttl AntykwaTorunskaLigh-Regular "enct2c-antt ReEncodeFont" <t2c-antt.enc <anttl.pfb
t2c-anttm AntykwaTorunskaMed-Regular "enct2c-antt ReEncodeFont" <t2c-antt.enc <anttm.pfb
t2c-anttr AntykwaTorunska-Regular "enct2c-antt ReEncodeFont" <t2c-antt.enc <anttr.pfb
t2c-anttbi AntykwaTorunska-BoldItalic "enct2c-antt ReEncodeFont" <t2c-antt.enc <anttbi.pfb
t2c-anttli AntykwaTorunskaLigh-Italic "enct2c-antt ReEncodeFont" <t2c-antt.enc <anttli.pfb
t2c-anttmi AntykwaTorunskaMed-Italic "enct2c-antt ReEncodeFont" <t2c-antt.enc <anttmi.pfb
t2c-anttri AntykwaTorunska-Italic "enct2c-antt ReEncodeFont" <t2c-antt.enc <anttri.pfb
t2c-anttcr AntykwaTorunskaCond-Regular "enct2c-antt ReEncodeFont" <t2c-antt.enc <anttcr.pfb
t2c-anttcb AntykwaTorunskaCond-Bold "enct2c-antt ReEncodeFont" <t2c-antt.enc <anttcb.pfb
t2c-anttcm AntykwaTorunskaCondMed-Regular "enct2c-antt ReEncodeFont" <t2c-antt.enc <anttcm.pfb
t2c-anttcl AntykwaTorunskaCondLigh-Regular "enct2c-antt ReEncodeFont" <t2c-antt.enc <anttcl.pfb
t2c-anttcri AntykwaTorunskaCond-Italic "enct2c-antt ReEncodeFont" <t2c-antt.enc <anttcri.pfb
t2c-anttcmi AntykwaTorunskaCondMed-Italic "enct2c-antt ReEncodeFont" <t2c-antt.enc <anttcmi.pfb
t2c-anttcli AntykwaTorunskaCondLigh-Italic "enct2c-antt ReEncodeFont" <t2c-antt.enc <anttcli.pfb
t2c-anttcbi AntykwaTorunskaCond-BoldItalic "enct2c-antt ReEncodeFont" <t2c-antt.enc <anttcbi.pfb
