t5-anttb AntykwaTorunska-Bold "enct5-antt ReEncodeFont" <t5-antt.enc <anttb.pfb
t5-anttl AntykwaTorunskaLigh-Regular "enct5-antt ReEncodeFont" <t5-antt.enc <anttl.pfb
t5-anttm AntykwaTorunskaMed-Regular "enct5-antt ReEncodeFont" <t5-antt.enc <anttm.pfb
t5-anttr AntykwaTorunska-Regular "enct5-antt ReEncodeFont" <t5-antt.enc <anttr.pfb
t5-anttbi AntykwaTorunska-BoldItalic "enct5-antt ReEncodeFont" <t5-antt.enc <anttbi.pfb
t5-anttli AntykwaTorunskaLigh-Italic "enct5-antt ReEncodeFont" <t5-antt.enc <anttli.pfb
t5-anttmi AntykwaTorunskaMed-Italic "enct5-antt ReEncodeFont" <t5-antt.enc <anttmi.pfb
t5-anttri AntykwaTorunska-Italic "enct5-antt ReEncodeFont" <t5-antt.enc <anttri.pfb
t5-anttcr AntykwaTorunskaCond-Regular "enct5-antt ReEncodeFont" <t5-antt.enc <anttcr.pfb
t5-anttcb AntykwaTorunskaCond-Bold "enct5-antt ReEncodeFont" <t5-antt.enc <anttcb.pfb
t5-anttcm AntykwaTorunskaCondMed-Regular "enct5-antt ReEncodeFont" <t5-antt.enc <anttcm.pfb
t5-anttcl AntykwaTorunskaCondLigh-Regular "enct5-antt ReEncodeFont" <t5-antt.enc <anttcl.pfb
t5-anttcri AntykwaTorunskaCond-Italic "enct5-antt ReEncodeFont" <t5-antt.enc <anttcri.pfb
t5-anttcmi AntykwaTorunskaCondMed-Italic "enct5-antt ReEncodeFont" <t5-antt.enc <anttcmi.pfb
t5-anttcli AntykwaTorunskaCondLigh-Italic "enct5-antt ReEncodeFont" <t5-antt.enc <anttcli.pfb
t5-anttcbi AntykwaTorunskaCond-BoldItalic "enct5-antt ReEncodeFont" <t5-antt.enc <anttcbi.pfb
t5-anttbcap AntykwaTorunska-Bold "enct5-anttcap ReEncodeFont" <t5-anttcap.enc <anttb.pfb
t5-anttlcap AntykwaTorunskaLigh-Regular "enct5-anttcap ReEncodeFont" <t5-anttcap.enc <anttl.pfb
t5-anttmcap AntykwaTorunskaMed-Regular "enct5-anttcap ReEncodeFont" <t5-anttcap.enc <anttm.pfb
t5-anttrcap AntykwaTorunska-Regular "enct5-anttcap ReEncodeFont" <t5-anttcap.enc <anttr.pfb
t5-anttbicap AntykwaTorunska-BoldItalic "enct5-anttcap ReEncodeFont" <t5-anttcap.enc <anttbi.pfb
t5-anttlicap AntykwaTorunskaLigh-Italic "enct5-anttcap ReEncodeFont" <t5-anttcap.enc <anttli.pfb
t5-anttmicap AntykwaTorunskaMed-Italic "enct5-anttcap ReEncodeFont" <t5-anttcap.enc <anttmi.pfb
t5-anttricap AntykwaTorunska-Italic "enct5-anttcap ReEncodeFont" <t5-anttcap.enc <anttri.pfb
t5-anttcrcap AntykwaTorunskaCond-Regular "enct5-anttcap ReEncodeFont" <t5-anttcap.enc <anttcr.pfb
t5-anttcbcap AntykwaTorunskaCond-Bold "enct5-anttcap ReEncodeFont" <t5-anttcap.enc <anttcb.pfb
t5-anttcmcap AntykwaTorunskaCondMed-Regular "enct5-anttcap ReEncodeFont" <t5-anttcap.enc <anttcm.pfb
t5-anttclcap AntykwaTorunskaCondLigh-Regular "enct5-anttcap ReEncodeFont" <t5-anttcap.enc <anttcl.pfb
t5-anttcricap AntykwaTorunskaCond-Italic "enct5-anttcap ReEncodeFont" <t5-anttcap.enc <anttcri.pfb
t5-anttcmicap AntykwaTorunskaCondMed-Italic "enct5-anttcap ReEncodeFont" <t5-anttcap.enc <anttcmi.pfb
t5-anttclicap AntykwaTorunskaCondLigh-Italic "enct5-anttcap ReEncodeFont" <t5-anttcap.enc <anttcli.pfb
t5-anttcbicap AntykwaTorunskaCond-BoldItalic "enct5-anttcap ReEncodeFont" <t5-anttcap.enc <anttcbi.pfb
