texnansi-anttb AntykwaTorunska-Bold "enctexnansi-antt ReEncodeFont" <texnansi-antt.enc <anttb.pfb
texnansi-anttl AntykwaTorunskaLigh-Regular "enctexnansi-antt ReEncodeFont" <texnansi-antt.enc <anttl.pfb
texnansi-anttm AntykwaTorunskaMed-Regular "enctexnansi-antt ReEncodeFont" <texnansi-antt.enc <anttm.pfb
texnansi-anttr AntykwaTorunska-Regular "enctexnansi-antt ReEncodeFont" <texnansi-antt.enc <anttr.pfb
texnansi-anttbi AntykwaTorunska-BoldItalic "enctexnansi-antt ReEncodeFont" <texnansi-antt.enc <anttbi.pfb
texnansi-anttli AntykwaTorunskaLigh-Italic "enctexnansi-antt ReEncodeFont" <texnansi-antt.enc <anttli.pfb
texnansi-anttmi AntykwaTorunskaMed-Italic "enctexnansi-antt ReEncodeFont" <texnansi-antt.enc <anttmi.pfb
texnansi-anttri AntykwaTorunska-Italic "enctexnansi-antt ReEncodeFont" <texnansi-antt.enc <anttri.pfb
texnansi-anttcr AntykwaTorunskaCond-Regular "enctexnansi-antt ReEncodeFont" <texnansi-antt.enc <anttcr.pfb
texnansi-anttcb AntykwaTorunskaCond-Bold "enctexnansi-antt ReEncodeFont" <texnansi-antt.enc <anttcb.pfb
texnansi-anttcm AntykwaTorunskaCondMed-Regular "enctexnansi-antt ReEncodeFont" <texnansi-antt.enc <anttcm.pfb
texnansi-anttcl AntykwaTorunskaCondLigh-Regular "enctexnansi-antt ReEncodeFont" <texnansi-antt.enc <anttcl.pfb
texnansi-anttcri AntykwaTorunskaCond-Italic "enctexnansi-antt ReEncodeFont" <texnansi-antt.enc <anttcri.pfb
texnansi-anttcmi AntykwaTorunskaCondMed-Italic "enctexnansi-antt ReEncodeFont" <texnansi-antt.enc <anttcmi.pfb
texnansi-anttcli AntykwaTorunskaCondLigh-Italic "enctexnansi-antt ReEncodeFont" <texnansi-antt.enc <anttcli.pfb
texnansi-anttcbi AntykwaTorunskaCond-BoldItalic "enctexnansi-antt ReEncodeFont" <texnansi-antt.enc <anttcbi.pfb
texnansi-anttbcap AntykwaTorunska-Bold "enctexnansi-anttcap ReEncodeFont" <texnansi-anttcap.enc <anttb.pfb
texnansi-anttlcap AntykwaTorunskaLigh-Regular "enctexnansi-anttcap ReEncodeFont" <texnansi-anttcap.enc <anttl.pfb
texnansi-anttmcap AntykwaTorunskaMed-Regular "enctexnansi-anttcap ReEncodeFont" <texnansi-anttcap.enc <anttm.pfb
texnansi-anttrcap AntykwaTorunska-Regular "enctexnansi-anttcap ReEncodeFont" <texnansi-anttcap.enc <anttr.pfb
texnansi-anttbicap AntykwaTorunska-BoldItalic "enctexnansi-anttcap ReEncodeFont" <texnansi-anttcap.enc <anttbi.pfb
texnansi-anttlicap AntykwaTorunskaLigh-Italic "enctexnansi-anttcap ReEncodeFont" <texnansi-anttcap.enc <anttli.pfb
texnansi-anttmicap AntykwaTorunskaMed-Italic "enctexnansi-anttcap ReEncodeFont" <texnansi-anttcap.enc <anttmi.pfb
texnansi-anttricap AntykwaTorunska-Italic "enctexnansi-anttcap ReEncodeFont" <texnansi-anttcap.enc <anttri.pfb
texnansi-anttcrcap AntykwaTorunskaCond-Regular "enctexnansi-anttcap ReEncodeFont" <texnansi-anttcap.enc <anttcr.pfb
texnansi-anttcbcap AntykwaTorunskaCond-Bold "enctexnansi-anttcap ReEncodeFont" <texnansi-anttcap.enc <anttcb.pfb
texnansi-anttcmcap AntykwaTorunskaCondMed-Regular "enctexnansi-anttcap ReEncodeFont" <texnansi-anttcap.enc <anttcm.pfb
texnansi-anttclcap AntykwaTorunskaCondLigh-Regular "enctexnansi-anttcap ReEncodeFont" <texnansi-anttcap.enc <anttcl.pfb
texnansi-anttcricap AntykwaTorunskaCond-Italic "enctexnansi-anttcap ReEncodeFont" <texnansi-anttcap.enc <anttcri.pfb
texnansi-anttcmicap AntykwaTorunskaCondMed-Italic "enctexnansi-anttcap ReEncodeFont" <texnansi-anttcap.enc <anttcmi.pfb
texnansi-anttclicap AntykwaTorunskaCondLigh-Italic "enctexnansi-anttcap ReEncodeFont" <texnansi-anttcap.enc <anttcli.pfb
texnansi-anttcbicap AntykwaTorunskaCond-BoldItalic "enctexnansi-anttcap ReEncodeFont" <texnansi-anttcap.enc <anttcbi.pfb
