wncy-anttb AntykwaTorunska-Bold "encwncy-antt ReEncodeFont" <wncy-antt.enc <anttb.pfb
wncy-anttl AntykwaTorunskaLigh-Regular "encwncy-antt ReEncodeFont" <wncy-antt.enc <anttl.pfb
wncy-anttm AntykwaTorunskaMed-Regular "encwncy-antt ReEncodeFont" <wncy-antt.enc <anttm.pfb
wncy-anttr AntykwaTorunska-Regular "encwncy-antt ReEncodeFont" <wncy-antt.enc <anttr.pfb
wncy-anttbi AntykwaTorunska-BoldItalic "encwncy-antt ReEncodeFont" <wncy-antt.enc <anttbi.pfb
wncy-anttli AntykwaTorunskaLigh-Italic "encwncy-antt ReEncodeFont" <wncy-antt.enc <anttli.pfb
wncy-anttmi AntykwaTorunskaMed-Italic "encwncy-antt ReEncodeFont" <wncy-antt.enc <anttmi.pfb
wncy-anttri AntykwaTorunska-Italic "encwncy-antt ReEncodeFont" <wncy-antt.enc <anttri.pfb
wncy-anttcr AntykwaTorunskaCond-Regular "encwncy-antt ReEncodeFont" <wncy-antt.enc <anttcr.pfb
wncy-anttcb AntykwaTorunskaCond-Bold "encwncy-antt ReEncodeFont" <wncy-antt.enc <anttcb.pfb
wncy-anttcm AntykwaTorunskaCondMed-Regular "encwncy-antt ReEncodeFont" <wncy-antt.enc <anttcm.pfb
wncy-anttcl AntykwaTorunskaCondLigh-Regular "encwncy-antt ReEncodeFont" <wncy-antt.enc <anttcl.pfb
wncy-anttcri AntykwaTorunskaCond-Italic "encwncy-antt ReEncodeFont" <wncy-antt.enc <anttcri.pfb
wncy-anttcmi AntykwaTorunskaCondMed-Italic "encwncy-antt ReEncodeFont" <wncy-antt.enc <anttcmi.pfb
wncy-anttcli AntykwaTorunskaCondLigh-Italic "encwncy-antt ReEncodeFont" <wncy-antt.enc <anttcli.pfb
wncy-anttcbi AntykwaTorunskaCond-BoldItalic "encwncy-antt ReEncodeFont" <wncy-antt.enc <anttcbi.pfb
