LOC ACROSS_THE
LOC AND_THE
LOC A_+NUM+-YEAR-OLD
LOC ARRIVED_IN
LOC ARRIVES_IN
LOC AT_A
LOC AT_THE
LOC BACK_TO
LOC BANK_AND
LOC BASED_IN
LOC BAT_AGAINST
LOC BORDER_WITH
LOC CALIFORNIA_AT
LOC CAPITAL_OF
LOC CHECHEN_CAPITAL
LOC CHICAGO_AT
LOC CINCINNATI_AT
LOC CITY_OF
LOC CONVENTION_IN
LOC COURT_IN
LOC DEAD_IN
LOC DETROIT_AT
LOC ELECTIONS_IN
LOC EMBASSY_IN
LOC ENGLAND_AND
LOC ENGLAND_V
LOC FLIGHT_FROM
LOC FLIGHT_TO
LOC FORCES_IN
LOC FROM_THE
LOC GERMANY_AND
LOC GO_TO
LOC GOVERNMENT_IN
LOC HIM_TO
LOC IN_A
LOC IN_CENTRAL
LOC INDEPENDENCE_FROM
LOC INDIA_AND
LOC IN_NORTHERN
LOC IN_SOUTHERN
LOC IN_THE
LOC IN_WESTERN
LOC ISLAND_OF
LOC KHARTOUM_TO
LOC KILLED_IN
LOC LANDED_AT
LOC LANDED_IN
LOC LEADERS_IN
LOC LONDON_'S
LOC LOUIS_AT
LOC MATCH_AGAINST
LOC MATCH_BETWEEN
LOC MATCH_IN
LOC MEET_IN
LOC MILWAUKEE_AT
LOC MINNESOTA_AT
LOC MONTREAL_AT
LOC NORTH_OF
LOC +NUM+_IN
LOC +NUM+_+NUM+/+NUM+
LOC OAKLAND_AT
LOC OUT_OF
LOC PAKISTAN_AND
LOC PAKISTAN_AT
LOC PHILADELPHIA_AT
LOC PITTSBURGH_AT
LOC PORT_OF
LOC PROVINCE_OF
LOC QUALIFIER_AGAINST
LOC QUOTED_THE
LOC RETURNED_TO
LOC RETURN_TO
LOC RUSSIA_AND
LOC SEATTLE_AT
LOC SERIES_IN
LOC SOUTH_OF
LOC SPOKESMAN_FOR
LOC SPOKESMAN_IN
LOC STATE_CAPITAL
LOC STATE_OF
LOC TALKS_IN
LOC TEST_AGAINST
LOC TEST_AT
LOC TEST_BETWEEN
LOC TEXAS_AT
LOC THE_CAPITAL
LOC THE_FORMER
LOC THE_+NUM+
LOC TORONTO_AT
LOC TO_THE
LOC TOUR_OF
LOC TO_VISIT
LOC TOWN_OF
LOC TRIP_TO
LOC VICTORY_OVER
LOC VILLAGE_OF
LOC VISIT_TO
LOC WAY_FROM
LOC WEST_OF
LOC WHEN_THE
LOC WITH_NEIGHBOURING
LOC YORK_AT
PER AS_SAYING
PER BRITAIN_'S
PER CANADA_'S
PER CORK_B
PER FOREIGN_MINISTER
PER INNINGS_AND
PER KHAN_B
PER LBW_B
PER LED_BY
PER MINISTRY_SPOKESMAN
PER NUMBER_ONE
PER +NUM+_CHAMPION
PER +NUM+:+NUM+.+NUM+_BEAT
PER OF_PRESIDENT
PER OLYMPIC_CHAMPION
PER OPEN_CHAMPION
PER PALESTINIAN_PRESIDENT
PER POLICE_SPOKESMAN
PER RUSSIAN_PRESIDENT
PER RUSSIA_'S
PER SECURITY_CHIEF
PER 'S_PRESIDENT
PER STEWART_B
PER TEAM_MATE
PER THE_+NUM+TH-RANKED
PER THE_+NUM+-YEAR-OLD
PER TO_MEET
PER TO_PRESIDENT
PER WITH_PRESIDENT
MISC ABOUT_+NUM+
MISC A_FORMER
MISC AFTER_THE
MISC AGAINST_THE
MISC AND_A
MISC AND_+NUM+
MISC AT_+NUM+
MISC BEFORE_THE
MISC FOR_A
MISC FROM_THE
MISC GROUP_OF
MISC IN_THE
MISC IN_THEIR
MISC NEAR_THE
MISC NUMBER_OF
MISC OF_A
MISC OF_AN
MISC OF_+NUM+.+NUM+
MISC OF_THE
MISC OUT_OF
MISC PCT_+NUM+.+NUM+
MISC RESULT_OF
MISC RESULTS_AT
MISC RESULTS_OF
MISC SEASON_'S
MISC STAGE_OF
MISC SUMMARIES_OF
MISC SUMMARY_OF
MISC SUNDAY_'S
MISC TALKS_WITH
MISC THE_FIRST
MISC THE_FORMER
MISC THE_+NUM+
MISC THE_+NUM+-YEAR-OLD
MISC TO_A
MISC TOLD_THE
MISC TO_MEET
MISC TONNES_OF
MISC TO_THE
MISC WEDNESDAY_'S
MISC WITH_A
MISC WON_THE
MISC YEAR_'S
ORG AND_THE
ORG ANGELES_+NUM+
ORG AS_THE
ORG ATLANTA_+NUM+
ORG BALTIMORE_+NUM+
ORG BEAT_THE
ORG BOSTON_+NUM+
ORG BY_THE
ORG CALIFORNIA_+NUM+
ORG CITY_+NUM+
ORG CLEVELAND_+NUM+
ORG COLORADO_+NUM+
ORG DEFEATED_THE
ORG DETROIT_+NUM+
ORG DIEGO_+NUM+
ORG EDGED_THE
ORG FLORIDA_+NUM+
ORG FOR_THE
ORG GAVE_THE
ORG HE_TOLD
ORG IN_A
ORG IN_HIS
ORG LIFTED_THE
ORG MILWAUKEE_+NUM+
ORG MINISTER_OF
ORG MONTREAL_+NUM+
ORG NANCY_+NUM+
ORG OVER_THE
ORG PERCENT_OF
ORG PITTSBURGH_+NUM+
ORG SAID_THAT
ORG SAID_THE
ORG SEATTLE_+NUM+
ORG SHARES_IN
ORG SSANGBANGWOOL_+NUM+
ORG STAKE_IN
ORG THAT_THE
ORG THE_OFFICIAL
ORG THEY_BEAT
ORG TILBURG_+NUM+
ORG TORONTO_+NUM+
ORG UNIT_OF
ORG VICTORY_OVER
ORG WIN_OVER
ORG WITH_THE
ORG YORK_+NUM+
