cmb10 cmb10 <cmb10.ttf <[cmtext.enc
cmbsy10 cmbsy10 <cmbsy10.ttf cmsy.enc
cmbsy6 cmbsy6 <cmbsy6.ttf cmsy.enc
cmbsy7 cmbsy7 <cmbsy7.ttf cmsy.enc
cmbsy8 cmbsy8 <cmbsy8.ttf cmsy.enc
cmbsy9 cmbsy9 <cmbsy9.ttf cmsy.enc
cmbx10 cmbx10 <cmbx10.ttf cmtext.enc
cmbx12 cmbx12 <cmbx12.ttf cmtext.enc
cmbx5 cmbx5 <cmbx5.ttf cmtext.enc
cmbx6 cmbx6 <cmbx6.ttf cmtext.enc
cmbx7 cmbx7 <cmbx7.ttf cmtext.enc
cmbx8 cmbx8 <cmbx8.ttf cmtext.enc
cmbx9 cmbx9 <cmbx9.ttf cmtext.enc
cmbxsl10 cmbxsl10 <cmbxsl10.ttf cmtext.enc
cmbxti10 cmbxti10 <cmbxti10.ttf cmitext.enc
cmcsc10 cmcsc10 <cmcsc10.ttf cmtextf.enc
cmdunh10 cmdunh10 <cmdunh10.ttf cmtext.enc
cmex10 cmex10 <cmex10.ttf cmex.enc
cmff10 cmff10 <cmff10.ttf cmtext.enc
cmfi10 cmfi10 <cmfi10.ttf cmitext.enc
cmfib8 cmfib8 <cmfib8.ttf cmtext.enc
cminch cminch <cminch.ttf cminch.enc
cmitt10 cmitt10 <cmitt10.ttf cmittext.enc
cmmi10 cmmi10 <cmmi10.ttf cmmi.enc
cmmi12 cmmi12 <cmmi12.ttf cmmi.enc
cmmi5 cmmi5 <cmmi5.ttf cmmi.enc
cmmi6 cmmi6 <cmmi6.ttf cmmi.enc
cmmi7 cmmi7 <cmmi7.ttf cmmi.enc
cmmi8 cmmi8 <cmmi8.ttf cmmi.enc
cmmi9 cmmi9 <cmmi9.ttf cmmi.enc
cmmib10 cmmib10 <cmmib10.ttf cmmi.enc
cmr10 cmr10 <cmr10.ttf cmtext.enc
%cmr10 cmr10 <cmr10.ttf cmtext.enc
cmr12 cmr12 <cmr12.ttf cmtext.enc
cmr17 cmr17 <cmr17.ttf cmtext.enc
cmr5 cmr5 <cmr5.ttf cmtextf.enc
cmr6 cmr6 <cmr6.ttf cmtext.enc
cmr7 cmr7 <cmr7.ttf cmtext.enc
cmr8 cmr8 <cmr8.ttf cmtext.enc
cmr9 cmr9 <cmr9.ttf cmtext.enc
cmsl10 cmsl10 <cmsl10.ttf cmtext.enc
cmsl12 cmsl12 <cmsl12.ttf cmtext.enc
cmsl8 cmsl8 <cmsl8.ttf cmtext.enc
cmsl9 cmsl9 <cmsl9.ttf cmtext.enc
cmsltt10 cmsltt10 <cmsltt10.ttf cmttext.enc
cmss10 cmss10 <cmss10.ttf cmtext.enc
cmss12 cmss12 <cmss12.ttf cmtext.enc
cmss17 cmss17 <cmss17.ttf cmtext.enc
cmss8 cmss8 <cmss8.ttf cmtext.enc
cmss9 cmss9 <cmss9.ttf cmtext.enc
cmssbx10 cmssbx10 <cmssbx10.ttf cmtext.enc
cmssdc10 cmssdc10 <cmssdc10.ttf cmtext.enc
cmssi10 cmssi10 <cmssi10.ttf cmtext.enc
cmssi12 cmssi12 <cmssi12.ttf cmtext.enc
cmssi17 cmssi17 <cmssi17.ttf cmtext.enc
cmssi8 cmssi8 <cmssi8.ttf cmtext.enc
cmssi9 cmssi9 <cmssi9.ttf cmtext.enc
cmssq8 cmssq8 <cmssq8.ttf cmtext.enc
cmssqi8 cmssqi8 <cmssqi8.ttf cmtext.enc
cmsy10 cmsy10 <cmsy10.ttf cmsy.enc
cmsy5 cmsy5 <cmsy5.ttf cmsy.enc
cmsy6 cmsy6 <cmsy6.ttf cmsy.enc
cmsy7 cmsy7 <cmsy7.ttf cmsy.enc
cmsy8 cmsy8 <cmsy8.ttf cmsy.enc
cmsy9 cmsy9 <cmsy9.ttf cmsy.enc
cmtcsc10 cmtcsc10 <cmtcsc10.ttf cmttext.enc
cmtex10 cmtex10 <cmtex10.ttf cmtex.enc
cmtex8 cmtex8 <cmtex8.ttf cmtex.enc
cmtex9 cmtex9 <cmtex9.ttf cmtex.enc
cmti10 cmti10 <cmti10.ttf cmitext.enc
cmti12 cmti12 <cmti12.ttf cmitext.enc
cmti7 cmti7 <cmti7.ttf cmitext.enc
cmti8 cmti8 <cmti8.ttf cmitext.enc
cmti9 cmti9 <cmti9.ttf cmitext.enc
cmtt10 cmtt10 <cmtt10.ttf cmttext.enc
cmtt12 cmtt12 <cmtt12.ttf cmttext.enc
cmtt8 cmtt8 <cmtt8.ttf cmttext.enc
cmtt9 cmtt9 <cmtt9.ttf cmttext.enc
cmu10 cmu10 <cmu10.ttf cmitext.enc
cmvtt10 cmvtt10 <cmvtt10.ttf cmtext.enc
